============================= test session starts =============================
platform win32 -- Python 3.12.7, pytest-9.0.1, pluggy-1.6.0 -- C:\Users\GAMER\.gemini\antigravity\scratch\south_sounds_explorer\.venv\Scripts\python.exe
cachedir: .pytest_cache
rootdir: C:\Users\GAMER\.gemini\antigravity\scratch\south_sounds_explorer
configfile: pyproject.toml
testpaths: tests
plugins: anyio-4.12.0, asyncio-1.3.0, respx-0.22.0
asyncio: mode=Mode.AUTO, debug=False, asyncio_default_fixture_loop_scope=None, asyncio_default_test_loop_scope=function
collecting ... collected 4 items

tests/test_search_router.py::test_search_endpoint_success FAILED         [ 25%]
tests/test_search_router.py::test_search_endpoint_validation_error PASSED [ 50%]
tests/test_spotify_service.py::test_get_token_success PASSED             [ 75%]
tests/test_spotify_service.py::test_search_success PASSED                [100%]

================================== FAILURES ===================================
________________________ test_search_endpoint_success _________________________

mock_env = None

    @pytest.mark.asyncio
    async def test_search_endpoint_success(mock_env):
        transport = ASGITransport(app=app)
        async with AsyncClient(transport=transport, base_url="http://test") as ac:
            async with respx.mock:
                # Mock Token
                respx.post("https://accounts.spotify.com/api/token").respond(
                    json={"access_token": "mock_token", "expires_in": 3600}
                )
                # Mock Search
                respx.get("https://api.spotify.com/v1/search").respond(
                    json={
                        "albums": {"items": [{"name": "Test Album", "id": "1", "images": []}]},
                        "tracks": {"items": [{"name": "Test Track", "id": "2", "duration_ms": 300000}]}
                    }
                )
    
                response = await ac.get("/api/search", params={"q": "test"})
    
>               assert response.status_code == 200
E               assert 500 == 200
E                +  where 500 = <Response [500 Internal Server Error]>.status_code

tests\test_search_router.py:31: AssertionError
=========================== short test summary info ===========================
FAILED tests/test_search_router.py::test_search_endpoint_success - assert 500 == 200
 +  where 500 = <Response [500 Internal Server Error]>.status_code
========================= 1 failed, 3 passed in 1.53s =========================
